LITERAL=org.globus.cog.karajan.parser.atoms.Literal
NOTLITERAL=org.globus.cog.karajan.parser.atoms.NotLiteral
PUSH=org.globus.cog.karajan.parser.atoms.Push
ANYTOKEN=org.globus.cog.karajan.parser.atoms.AnyToken
DIGITS=org.globus.cog.karajan.parser.atoms.Digits
ALPHANUMERIC=org.globus.cog.karajan.parser.atoms.Alphanumeric
WS=org.globus.cog.karajan.parser.atoms.IgnoreWhitespace
E=org.globus.cog.karajan.parser.atoms.Epsilon
VARIABLE=org.globus.cog.karajan.parser.atoms.Variable
EMPTYSTRING=org.globus.cog.karajan.parser.atoms.EmptyString
CONCAT=org.globus.cog.karajan.parser.atoms.Concat
ADD=org.globus.cog.karajan.parser.atoms.Add
SUBTRACT=org.globus.cog.karajan.parser.atoms.Subtract
MULTIPLY=org.globus.cog.karajan.parser.atoms.Multiply
DIVIDE=org.globus.cog.karajan.parser.atoms.Divide
REMAINDER=org.globus.cog.karajan.parser.atoms.Remainder
INTEGRAL=org.globus.cog.karajan.parser.atoms.Integral
FRACTIONAL=org.globus.cog.karajan.parser.atoms.Fractional
EOF=org.globus.cog.karajan.parser.atoms.EOF
ERROR=org.globus.cog.karajan.parser.atoms.Error
UNDERSCORE=org.globus.cog.karajan.parser.atoms.Underscore
IDENTIFIER=org.globus.cog.karajan.translator.atoms.Identifier