LITERAL=org.globus.cog.karajan.parser.atoms.Literal
LITERALNC=org.globus.cog.karajan.parser.atoms.LiteralNC
NOTLITERAL=org.globus.cog.karajan.parser.atoms.NotLiteral
PUSH=org.globus.cog.karajan.parser.atoms.Push
SWAP=org.globus.cog.karajan.parser.atoms.Swap
ROT=org.globus.cog.karajan.parser.atoms.Rot
ANYTOKEN=org.globus.cog.karajan.parser.atoms.AnyToken
DIGITS=org.globus.cog.karajan.parser.atoms.Digits
ALPHANUMERIC=org.globus.cog.karajan.parser.atoms.Alphanumeric
LETTER=org.globus.cog.karajan.parser.atoms.Letter
HSPACES=org.globus.cog.karajan.parser.atoms.HorizontalWhitespace
HVSPACES=org.globus.cog.karajan.parser.atoms.IgnoreWhitespace
E=org.globus.cog.karajan.parser.atoms.Epsilon
VARIABLE=org.globus.cog.karajan.parser.atoms.Variable
EMPTYSTRING=org.globus.cog.karajan.parser.atoms.EmptyString
CONCAT=org.globus.cog.karajan.translator.atoms.Concat
INTEGER=org.globus.cog.karajan.parser.atoms.Integral
FLOAT=org.globus.cog.karajan.parser.atoms.Fractional
EOF=org.globus.cog.karajan.parser.atoms.EOF
ERROR=org.globus.cog.karajan.parser.atoms.Error
COMMA=org.globus.cog.karajan.parser.atoms.Comma
NEWLINE=org.globus.cog.karajan.parser.atoms.Newline
UNDERSCORE=org.globus.cog.karajan.parser.atoms.Underscore
SWAP=org.globus.cog.karajan.parser.atoms.Swap
BEGINELEMENT=org.globus.cog.karajan.translator.atoms.BeginElement
ENDELEMENT=org.globus.cog.karajan.translator.atoms.EndElement
NAMED=org.globus.cog.karajan.translator.atoms.Named
NUMBER=org.globus.cog.karajan.translator.atoms.NumericValue
VARIABLE=org.globus.cog.karajan.translator.atoms.Variable
STRING=org.globus.cog.karajan.translator.atoms.StringValue
KERNEL=org.globus.cog.karajan.translator.atoms.Kernel
NAMESPACE=org.globus.cog.karajan.translator.atoms.Namespace
ELEMENTDEF=org.globus.cog.karajan.translator.atoms.ElementDef
SINGLELINECOMMENT=org.globus.cog.karajan.translator.atoms.SingleLineComment
MULTILINECOMMENT=org.globus.cog.karajan.translator.atoms.MultiLineComment
IDENTIFIER=org.globus.cog.karajan.translator.atoms.Identifier
TRANSLITERATE=org.globus.cog.karajan.translator.atoms.Transliterate
STRINGTOKEN=org.globus.cog.karajan.translator.atoms.StringToken
COMMASEP=org.globus.cog.karajan.translator.atoms.CommaSeparator
NEG=org.globus.cog.karajan.parser.atoms.Negate